Note: switching to '8e1fa37b32126b7672c6949a68d7b1ecd6b3804b'.

You are in 'detached HEAD' state. You can look around, make experimental
changes and commit them, and you can discard any commits you make in this
state without impacting any branches by switching back to a branch.

If you want to create a new branch to retain commits you create, you may
do so (now or later) by using -c with the switch command. Example:

  git switch -c <new-branch-name>

Or undo this operation with:

  git switch -

Turn off this advice by setting config variable advice.detachedHead to false

not ok - opencode 1.18.33 in a Privateer session: session start did not acquire the fleet lock:
LOCK
--------------------------------------------------------------------------------
error: cannot locate harness process in ancestry
●━━━━━━━━━━━━━━━━━━━━━━━━━━━━━━━━━━━━━━━━━━━━━━━━━━━━━━━━━━━━━━━━━━━━━━━
●  READ-ONLY SESSION - FLEET LOCK OWNERSHIP WAS NOT VERIFIED
●  error: cannot locate harness process in ancestry
●  Skipping every mutating step: stale Herdr child cleanup,
●  secondmate convergence, secondmate liveness, pending remote handoff retry,
●  X-mode artifacts, fleet sync, and wake-queue drain. Detect-only bootstrap
●  diagnostics and the rest of this read-only-safe digest still ran below.
●  Operate read-only until this resolves - do not spawn, steer, merge, or
●  otherwise mutate fleet state from this session.
●━━━━━━━━━━━━━━━━━━━━━━━━━━━━━━━━━━━━━━━━━━━━━━━━━━━━━━━━━━━━━━━━━━━━━━━

BOOTSTRAP
