
================================================================================
SESSION START - /private/var/folders/3c/4w5d0nf515l_hw4zg0pcvq880000gn/T/fm-privateer-session-lock-live.x0qJgC/case/home
================================================================================

LOCK
--------------------------------------------------------------------------------
lock acquired: harness pid 76000

BOOTSTRAP
--------------------------------------------------------------------------------
STARTUP_MEMORY_BUDGET: invalid config/startup-memory-budget - could not create default temporary file
BOOTSTRAP_INFO: lavish-axi >=0.1.80 enables confirmed board replies; this older compatible version retains the legacy reply path, but upgrade to prevent handing back a board before its reply is accepted

WAKE QUEUE
--------------------------------------------------------------------------------
(no queued wakes)
================================================================================
SUPERVISION OPERATING INSTRUCTIONS - primary harness: opencode
================================================================================
Current state:
- Lock: held by this session; this session owns normal supervision unless away mode says otherwise.
- Away/quiet mode: inactive.
- X mode: inactive; use the default watcher cadence.
- Ordinary wake: the OpenCode TUI plugin already owns watcher continuity; do not arm manually.

Mode: OpenCode TUI plugin background wake.

When this session owns supervision and away mode is not active:
1. Drain first with `bin/fm-wake-drain.sh`.
   After handling all emitted wakes and reconciling open decisions and unread status lines, run the exact `--ack-through` command printed as `WAKE_ACK_REQUIRED`; until then the work remains durable for idempotent re-handling after interruption.
2. First cycle: let `.opencode/plugins/fm-primary-watch-arm.js` arm supervision after the OpenCode session goes idle.
3. The plugin listens for `session.idle`, spawns `bin/fm-watch-arm.sh --restart` without awaiting it in the idle handler, and owns every later successor launch.
4. After an actionable child close, the plugin rechecks session-lock ownership and verifies one singleton successor before it calls `client.session.promptAsync`; its bounded fallback is defined in `docs/watcher-continuity.md`.
5. Ordinary wake: do not ask the model to re-arm because continuity is plugin-owned.
6. An unexpected child close enters bounded exponential retry, and an exhausted retry or lost session lock is surfaced as a watcher failure instead of disappearing.
7. Failure or missing cycle only: if the plugin reports a watcher failure, drain queued wakes, inspect the failure text, and use `bin/fm-watch-arm.sh` manually only as a short recovery probe.
8. Never use shell `&` for watcher supervision.
   The arm mechanism above is plugin-owned, not a model tool call, but a manual recovery probe that backgrounds, pipes, or bundles the arm is denied automatically by the PreToolUse seatbelt (`.opencode/plugins/fm-primary-pretool-check.js`, `bin/fm-arm-pretool-check.sh`).
9. Do not rely on this plugin in headless `opencode run`; firstmate primary supervision targets persistent OpenCode TUI sessions.

OpenCode's persistent TUI plugin runtime is the wake mechanism.
The plugin applies in the main primary checkout and a secondmate's own home, and stays silent only in child crewmate and scout worktrees.


================================================================================
READ-ONCE CONTRACT
================================================================================
Everything below is printed in full for this session start: every state/*.meta,
a compact data/backlog.md listing, a bounded tail of every state/*.status,
data/projects.md, data/secondmates.md, data/captain.md, data/captain-shared.md,
and data/learnings.md.
Do NOT re-read any of them after reading this digest, and do NOT bulk-read
data/backlog.md or state/*.status: re-reading everything defeats the entire
point of this command.

Go to a source directly only when:
  - this digest flagged it ABSENT (then rebuild or create it per AGENTS.md),
  - its contents looked unparseable or corrupt,
  - an individual full status log is needed for older wake-event history, or a
    status line was capped and its tail matters (each task's full log path is
    printed with its tail),
  - a full task body is needed (bin/fm-tasks-axi.sh show <id> --full, or data/backlog.md),
  - the backlog listing disclosed omitted queued items and this turn needs them,
  - the NETWORK CHECKS section reported its checks still IN PROGRESS and this
    turn needs their verdict (bin/fm-startup-network.sh report),
  - or a STARTUP TRUNCATED banner named the stage that would have printed it, in
    which case that stage's sources were never emitted and must be reconciled.

================================================================================
FLEET STATE
================================================================================

data/backlog.md
--------------------------------------------------------------------------------
ABSENT

Work under way (state/*.meta)
--------------------------------------------------------------------------------
(none)

Orphan status logs (state/*.status without matching .meta)
--------------------------------------------------------------------------------
(none)

AFK
--------------------------------------------------------------------------------
absent

================================================================================
NETWORK CHECKS
================================================================================
completed off the startup path in 2s: GitHub authentication, dead-secondmate relaunch, secondmate convergence, pending handoff delivery, project clone refresh with its drift reporting, and inactive terminal-outcome reconciliation.
NEEDS_GH_AUTH
These ran AFTER the sections above were composed, so re-read any record a line here names.

================================================================================
CONTEXT
================================================================================

data/projects.md
--------------------------------------------------------------------------------
ABSENT

data/secondmates.md
--------------------------------------------------------------------------------
ABSENT

data/captain.md
--------------------------------------------------------------------------------
ABSENT

data/captain-shared.md (shared, main-authoritative, read-only in secondmate homes)
--------------------------------------------------------------------------------
ABSENT

data/learnings.md
--------------------------------------------------------------------------------
ABSENT

================================================================================
NEXT STEP
================================================================================
Follow the supervision operating instructions block above for harness 'opencode'.
This script never starts supervision itself.

The digest above is complete for this session start. The READ-ONCE CONTRACT
section near the top of it governs what may still be read from disk.
