Note: switching to 'd0c5b8bc940116e2e2e564af43dbf48fe2b7f892'.

You are in 'detached HEAD' state. You can look around, make experimental
changes and commit them, and you can discard any commits you make in this
state without impacting any branches by switching back to a branch.

If you want to create a new branch to retain commits you create, you may
do so (now or later) by using -c with the switch command. Example:

  git switch -c <new-branch-name>

Or undo this operation with:

  git switch -

Turn off this advice by setting config variable advice.detachedHead to false

ok - opencode 1.18.33 outside a sealed Privateer session refuses the bash and read tools with the launcher's refusal and delivers the privateer-seal line to the model
Note: switching to 'd0c5b8bc940116e2e2e564af43dbf48fe2b7f892'.

You are in 'detached HEAD' state. You can look around, make experimental
changes and commit them, and you can discard any commits you make in this
state without impacting any branches by switching back to a branch.

If you want to create a new branch to retain commits you create, you may
do so (now or later) by using -c with the switch command. Example:

  git switch -c <new-branch-name>

Or undo this operation with:

  git switch -

Turn off this advice by setting config variable advice.detachedHead to false

ok - opencode 1.18.33 inside a sealed Privateer session refuses tmux naming another server, spends the refusal budget on three stderr refusals from a firstmate script, appends the budget message to the third result, blocks the fourth call, and resets on the next captain message
# all fm-privateer-seal-live-e2e tests passed
