ok - fm-sessionstart-nudge: a genuine primary gets one explicitly marked instruction line
ok - fm-sessionstart-nudge: NO_MISTAKES_GATE is silent
ok - fm-sessionstart-nudge: .no-mistakes gate common-dir is silent
ok - fm-sessionstart-nudge: an unmarked linked task worktree is silent
ok - fm-sessionstart-nudge: a marked linked secondmate home is a primary
ok - fm-sessionstart-nudge: a checkout without state is silent
ok - fm-sessionstart-nudge: a lock holder in process ancestry is already run
# skip: unprivileged PID namespaces are unavailable here, so the namespace pid 1 lock owner is unverified
ok - OpenCode session.created falls back to the exact wrapper nudge once per session when no digest runs
ok - OpenCode plugin injects the run digest at startup, a clear for later sessions, and compaction, skipping child sessions
ok - OpenCode plugin bounds an oversized digest at 512 KiB with a loud truncation marker
ok - OpenCode plugin holds a session's messages until its digest is ready and never holds a later one
ok - run wrapper: startup runs the full digest and never also nudges
ok - run wrapper: clear and compact re-emit the digest without repeating startup sweeps
ok - run wrapper forwards only stale-cache rebuild sources to immutable-baseline instruction refresh
ok - run wrapper refreshes a compact even when startup completion is unproven
ok - run wrapper: clear falls back to full startup when completion is unproven
ok - run wrapper: clear accepts completion only from the current harness
ok - run wrapper: resume delegates to the nudge instead of re-running the digest
ok - run wrapper: the hook payload's source field drives routing with no explicit argument
ok - run wrapper: an unrecognized or absent source takes the helm rather than skipping it
ok - run wrapper: ordinary ineligible opens stay silent-zero and Pi preflight gets an explicit silent stand-down
ok - run wrapper: a fresh primary checkout gets its missing state dir created, a linked worktree still does not
ok - run wrapper: a fresh primary that cannot create its state dir says so on stderr, then stands down
ok - run wrapper: a session start that cannot take the lock still opens the session and says so
ok - Pi distinguishes header-proven restored CLI sessions from named create-if-missing startups
ok - Pi provider preflight owns one generation-bound startup prerequisite with deterministic fallback, replacement, cancellation, timeout, and truncation
ok - Pi reload shutdown releases its exit listener and stale startup generation
ok - Pi retains a bounded digest prefix and loudly marks oversized preflight delivery
